// Jest Snapshot v1, https://goo.gl/fbAQLP

exports[`Pruebas en <AddCategory /> Debe de mostrarte correctamente 1`] = `
<form
  onSubmit={[Function]}
>
  <input
    onChange={[Function]}
    placeholder="Ingresa un texto para buscar sus gifs"
    type="text"
    value=""
  />
</form>
`;
